root@superlitecrm:~/isp# docker compose ps
NAME                     IMAGE                           COMMAND                  SERVICE          CREATED         STATUS         PORTS
isp_crm_db               postgres:15-alpine              "docker-entrypoint.s…"   db               10 hours ago    Up 10 hours    127.0.0.1:5433->5432/tcp
isp_crm_freepbx          tiredofit/freepbx:latest        "/init"                  freepbx          10 hours ago    Up 10 hours    80/tcp, 443/tcp, 4445/tcp, 0.0.0.0:5038->5038/tcp, [::]:5038->5038/tcp, 0.0.0.0:5060-5061->5060-5061/tcp, 0.0.0.0:5060-5061->5060-5061/udp, [::]:5060-5061->5060-5061/tcp, [::]:5060-5061->5060-5061/udp, 4569/tcp, 5161/tcp, 8001/tcp, 8003/tcp, 8008-8009/tcp, 0.0.0.0:5160->5160/tcp, [::]:5160->5160/tcp, 0.0.0.0:8080->8080/tcp, [::]:8080->8080/tcp, 8025/tcp, 0.0.0.0:5160->5160/udp, [::]:5160->5160/udp, 10050/tcp, 0.0.0.0:8443->8443/tcp, [::]:8443->8443/tcp, 0.0.0.0:18000-18100->18000-18100/udp, [::]:18000-18100->18000-18100/udp, 18101-20000/udp
isp_crm_freepbx_db       mariadb:10.6                    "docker-entrypoint.s…"   freepbx-db       10 hours ago    Up 10 hours    3306/tcp
isp_crm_freeradius       isp-freeradius                  "/docker-entrypoint.…"   freeradius       5 minutes ago   Up 5 minutes   0.0.0.0:1812-1813->1812-1813/udp, [::]:1812-1813->1812-1813/udp, 0.0.0.0:3799->3799/udp, [::]:3799->3799/udp
isp_crm_genieacs_cwmp    node:18-alpine                  "docker-entrypoint.s…"   genieacs-cwmp    10 hours ago    Up 10 hours    0.0.0.0:7547->7547/tcp, [::]:7547->7547/tcp
isp_crm_genieacs_fs      node:18-alpine                  "docker-entrypoint.s…"   genieacs-fs      10 hours ago    Up 10 hours    0.0.0.0:7567->7567/tcp, [::]:7567->7567/tcp
isp_crm_genieacs_mongo   mongo:4.4                       "docker-entrypoint.s…"   genieacs-mongo   10 hours ago    Up 10 hours    27017/tcp
isp_crm_genieacs_nbi     node:18-alpine                  "docker-entrypoint.s…"   genieacs-nbi     10 hours ago    Up 10 hours    0.0.0.0:7557->7557/tcp, [::]:7557->7557/tcp
isp_crm_genieacs_ui      node:18-alpine                  "docker-entrypoint.s…"   genieacs-ui      10 hours ago    Up 10 hours    0.0.0.0:3000->3000/tcp, [::]:3000->3000/tcp
isp_crm_nginx            nginx:stable-alpine             "/docker-entrypoint.…"   nginx            10 hours ago    Up 10 hours    0.0.0.0:80->80/tcp, [::]:80->80/tcp, 0.0.0.0:443->443/tcp, [::]:443->443/tcp
isp_crm_olt_service      isp-olt-service                 "docker-entrypoint.s…"   olt-service      5 minutes ago   Up 5 minutes
isp_crm_php              isp-php                         "docker-php-entrypoi…"   php              5 minutes ago   Up 5 minutes
isp_crm_whatsapp         isp-whatsapp                    "docker-entrypoint.s…"   whatsapp         5 minutes ago   Up 5 minutes   0.0.0.0:3001->3001/tcp, [::]:3001->3001/tcp
isp_crm_wireguard        lscr.io/linuxserver/wireguard   "/init"                  wireguard        10 hours ago    Up 10 hours
root@superlitecrm:~/isp# ^C
root@superlitecrm:~/isp#
root@superlitecrm:~/isp# docker compose logs 2>&1 | grep -i "SetParameterValues\|fault" | tail -30
isp_crm_genieacs_cwmp   | 2026-01-11T13:12:29.910Z [INFO] ::ffff:10.97.127.32 00259E-HG8546M-48575443F2D53A8B: ACS request; acsRequestId="19bad2fccdd0200" acsRequestName="SetParameterValues"
isp_crm_genieacs_cwmp   | 2026-01-11T13:12:29.977Z [WARN] ::ffff:10.97.127.32 00259E-HG8546M-48575443F2D53A8B: CPE fault; acsRequestId="19bad2fccdd0200" cpeFaultCode="9002" cpeFaultString="Internal error"
isp_crm_genieacs_cwmp   | 2026-01-11T13:12:29.977Z [WARN] ::ffff:10.97.127.32 00259E-HG8546M-48575443F2D53A8B: Channel has faulted; channel="task_69638462eaae72b4018e1629" retries=3 faultCode="cwmp.9002" faultMessage="Internal error"
isp_crm_genieacs_cwmp   | 2026-01-11T13:12:29.979Z [WARN] ::ffff:10.97.127.32 00259E-HG8546M-48575443F2D53A8B: Channel has faulted; channel="task_69639cfa1341888c8974f05d" retries=1 faultCode="script.Error" faultMessage="Invalid parameter path"
isp_crm_genieacs_cwmp   | 2026-01-11T13:12:29.983Z [INFO] ::ffff:10.97.127.32 00259E-HG8546M-48575443F2D53A8B: ACS request; acsRequestId="19bad2fccdd0300" acsRequestName="SetParameterValues"
isp_crm_genieacs_cwmp   | 2026-01-11T13:12:30.047Z [WARN] ::ffff:10.97.127.32 00259E-HG8546M-48575443F2D53A8B: CPE fault; acsRequestId="19bad2fccdd0300" cpeFaultCode="9002" cpeFaultString="Internal error"
isp_crm_genieacs_cwmp   | 2026-01-11T13:12:30.047Z [WARN] ::ffff:10.97.127.32 00259E-HG8546M-48575443F2D53A8B: Channel has faulted; channel="task_69639cfa4aa222593316f79f" retries=1 faultCode="cwmp.9002" faultMessage="Internal error"
isp_crm_genieacs_cwmp   | 2026-01-11T13:12:30.048Z [WARN] ::ffff:10.97.127.32 00259E-HG8546M-48575443F2D53A8B: Channel has faulted; channel="task_69639cfa74718ae4d34cd4d2" retries=1 faultCode="script.Error" faultMessage="Invalid parameter path"
isp_crm_genieacs_cwmp   | 2026-01-11T13:12:30.049Z [WARN] ::ffff:10.97.127.32 00259E-HG8546M-48575443F2D53A8B: Channel has faulted; channel="task_69639cfa8c25a6b3544109ae" retries=1 faultCode="script.Error" faultMessage="Invalid parameter path"
isp_crm_genieacs_cwmp   | 2026-01-11T13:12:30.053Z [INFO] ::ffff:10.97.127.32 00259E-HG8546M-48575443F2D53A8B: ACS request; acsRequestId="19bad2fccdd0400" acsRequestName="SetParameterValues"
isp_crm_genieacs_cwmp   | 2026-01-11T13:12:30.119Z [WARN] ::ffff:10.97.127.32 00259E-HG8546M-48575443F2D53A8B: CPE fault; acsRequestId="19bad2fccdd0400" cpeFaultCode="9002" cpeFaultString="Internal error"
isp_crm_genieacs_cwmp   | 2026-01-11T13:12:30.119Z [WARN] ::ffff:10.97.127.32 00259E-HG8546M-48575443F2D53A8B: Channel has faulted; channel="task_69639cfb43cdc3f7c2028c0d" retries=1 faultCode="cwmp.9002" faultMessage="Internal error"
isp_crm_genieacs_cwmp   | 2026-01-11T13:12:30.120Z [WARN] ::ffff:10.97.127.32 00259E-HG8546M-48575443F2D53A8B: Channel has faulted; channel="task_69639d05074a2a9ee89ce2db" retries=1 faultCode="script.Error" faultMessage="Invalid parameter path"
isp_crm_genieacs_cwmp   | 2026-01-11T13:12:30.121Z [WARN] ::ffff:10.97.127.32 00259E-HG8546M-48575443F2D53A8B: Channel has faulted; channel="task_69639d051f364aded6c90073" retries=1 faultCode="script.Error" faultMessage="Invalid parameter path"
isp_crm_freeradius      |       sql_user_name = "%{%{Stripped-User-Name}:-%{%{User-Name}:-DEFAULT}}"
isp_crm_freeradius      |       default_user_profile = ""
isp_crm_genieacs_cwmp   | 2026-01-11T13:12:30.121Z [WARN] ::ffff:10.97.127.32 00259E-HG8546M-48575443F2D53A8B: Channel has faulted; channel="task_69639d054a2b646761fe0d1d" retries=1 faultCode="script.Error" faultMessage="Invalid parameter path"
isp_crm_genieacs_cwmp   | 2026-01-11T13:12:30.124Z [INFO] ::ffff:10.97.127.32 00259E-HG8546M-48575443F2D53A8B: ACS request; acsRequestId="19bad2fccdd0500" acsRequestName="SetParameterValues"
isp_crm_genieacs_cwmp   | 2026-01-11T13:12:30.190Z [WARN] ::ffff:10.97.127.32 00259E-HG8546M-48575443F2D53A8B: CPE fault; acsRequestId="19bad2fccdd0500" cpeFaultCode="9002" cpeFaultString="Internal error"
isp_crm_genieacs_cwmp   | 2026-01-11T13:12:30.191Z [WARN] ::ffff:10.97.127.32 00259E-HG8546M-48575443F2D53A8B: Channel has faulted; channel="task_69639d0567157147d3f63fa3" retries=1 faultCode="cwmp.9002" faultMessage="Internal error"
isp_crm_genieacs_cwmp   | 2026-01-11T13:12:30.194Z [INFO] ::ffff:10.97.127.32 00259E-HG8546M-48575443F2D53A8B: ACS request; acsRequestId="19bad2fccdd0600" acsRequestName="SetParameterValues"
isp_crm_genieacs_cwmp   | 2026-01-11T13:12:30.257Z [WARN] ::ffff:10.97.127.32 00259E-HG8546M-48575443F2D53A8B: CPE fault; acsRequestId="19bad2fccdd0600" cpeFaultCode="9002" cpeFaultString="Internal error"
isp_crm_genieacs_cwmp   | 2026-01-11T13:12:30.257Z [WARN] ::ffff:10.97.127.32 00259E-HG8546M-48575443F2D53A8B: Channel has faulted; channel="task_69639d056e5cf623352a1ff9" retries=1 faultCode="cwmp.9002" faultMessage="Internal error"
isp_crm_freeradius      | server default { # from file /etc/freeradius/sites-enabled/default
isp_crm_freeradius      | } # server default
isp_crm_freeradius      | Listening on auth address * port 1812 bound to server default
isp_crm_freeradius      | Listening on acct address * port 1813 bound to server default
isp_crm_freeradius      | Listening on auth address :: port 1812 bound to server default
isp_crm_freeradius      | Listening on acct address :: port 1813 bound to server default
isp_crm_freeradius      | Listening on coa address * port 3799 bound to server default
root@superlitecrm:~/isp# ^C
root@superlitecrm:~/isp#
root@superlitecrm:~/isp# # Clear all faulted tasks for this device
curl -X DELETE "http://localhost:7557/tasks?query=%7B%22device%22%3A%2200259E-HG8546M-48575443F2D53A8B%22%7D"

# Check tasks are cleared
curl -s "http://localhost:7557/tasks?query=%7B%22device%22%3A%2200259E-HG8546M-48575443F2D53A8B%22%7D" | python3 -c "import sys,json; print(len(json.load(sys.stdin)), 'tasks remaining')"
405 Method Not Allowed80 tasks remaining
root@superlitecrm:~/isp# ^C
root@superlitecrm:~/isp# docker exec -it 0e3ba9d10b0e mongo genieacs --quiet --eval '
db.tasks.deleteMany({"device": "00259E-HG8546M-48575443F2D53A8B"});
db.faults.deleteMany({"device": "00259E-HG8546M-48575443F2D53A8B"});
'
{ "acknowledged" : true, "deletedCount" : 39 }
root@superlitecrm:~/isp# curl -s "http://localhost:7557/tasks?query=%7B%22device%22%3A%2200259E-HG8546M-48575443F2D53A8B%22%7D" | python3 -c "import sys,json; print(len(json.load(sys.stdin)), 'tasks remaining')"
0 tasks remaining
root@superlitecrm:~/isp#
root@superlitecrm:~/isp# docker compose logs 2>&1 | grep -i "SetParameterValues\|fault" | tail -30
isp_crm_genieacs_cwmp   | 2026-01-11T13:12:29.910Z [INFO] ::ffff:10.97.127.32 00259E-HG8546M-48575443F2D53A8B: ACS request; acsRequestId="19bad2fccdd0200" acsRequestName="SetParameterValues"
isp_crm_genieacs_cwmp   | 2026-01-11T13:12:29.977Z [WARN] ::ffff:10.97.127.32 00259E-HG8546M-48575443F2D53A8B: CPE fault; acsRequestId="19bad2fccdd0200" cpeFaultCode="9002" cpeFaultString="Internal error"
isp_crm_genieacs_cwmp   | 2026-01-11T13:12:29.977Z [WARN] ::ffff:10.97.127.32 00259E-HG8546M-48575443F2D53A8B: Channel has faulted; channel="task_69638462eaae72b4018e1629" retries=3 faultCode="cwmp.9002" faultMessage="Internal error"
isp_crm_genieacs_cwmp   | 2026-01-11T13:12:29.979Z [WARN] ::ffff:10.97.127.32 00259E-HG8546M-48575443F2D53A8B: Channel has faulted; channel="task_69639cfa1341888c8974f05d" retries=1 faultCode="script.Error" faultMessage="Invalid parameter path"
isp_crm_genieacs_cwmp   | 2026-01-11T13:12:29.983Z [INFO] ::ffff:10.97.127.32 00259E-HG8546M-48575443F2D53A8B: ACS request; acsRequestId="19bad2fccdd0300" acsRequestName="SetParameterValues"
isp_crm_genieacs_cwmp   | 2026-01-11T13:12:30.047Z [WARN] ::ffff:10.97.127.32 00259E-HG8546M-48575443F2D53A8B: CPE fault; acsRequestId="19bad2fccdd0300" cpeFaultCode="9002" cpeFaultString="Internal error"
isp_crm_genieacs_cwmp   | 2026-01-11T13:12:30.047Z [WARN] ::ffff:10.97.127.32 00259E-HG8546M-48575443F2D53A8B: Channel has faulted; channel="task_69639cfa4aa222593316f79f" retries=1 faultCode="cwmp.9002" faultMessage="Internal error"
isp_crm_genieacs_cwmp   | 2026-01-11T13:12:30.048Z [WARN] ::ffff:10.97.127.32 00259E-HG8546M-48575443F2D53A8B: Channel has faulted; channel="task_69639cfa74718ae4d34cd4d2" retries=1 faultCode="script.Error" faultMessage="Invalid parameter path"
isp_crm_genieacs_cwmp   | 2026-01-11T13:12:30.049Z [WARN] ::ffff:10.97.127.32 00259E-HG8546M-48575443F2D53A8B: Channel has faulted; channel="task_69639cfa8c25a6b3544109ae" retries=1 faultCode="script.Error" faultMessage="Invalid parameter path"
isp_crm_genieacs_cwmp   | 2026-01-11T13:12:30.053Z [INFO] ::ffff:10.97.127.32 00259E-HG8546M-48575443F2D53A8B: ACS request; acsRequestId="19bad2fccdd0400" acsRequestName="SetParameterValues"
isp_crm_genieacs_cwmp   | 2026-01-11T13:12:30.119Z [WARN] ::ffff:10.97.127.32 00259E-HG8546M-48575443F2D53A8B: CPE fault; acsRequestId="19bad2fccdd0400" cpeFaultCode="9002" cpeFaultString="Internal error"
isp_crm_genieacs_cwmp   | 2026-01-11T13:12:30.119Z [WARN] ::ffff:10.97.127.32 00259E-HG8546M-48575443F2D53A8B: Channel has faulted; channel="task_69639cfb43cdc3f7c2028c0d" retries=1 faultCode="cwmp.9002" faultMessage="Internal error"
isp_crm_genieacs_cwmp   | 2026-01-11T13:12:30.120Z [WARN] ::ffff:10.97.127.32 00259E-HG8546M-48575443F2D53A8B: Channel has faulted; channel="task_69639d05074a2a9ee89ce2db" retries=1 faultCode="script.Error" faultMessage="Invalid parameter path"
isp_crm_genieacs_cwmp   | 2026-01-11T13:12:30.121Z [WARN] ::ffff:10.97.127.32 00259E-HG8546M-48575443F2D53A8B: Channel has faulted; channel="task_69639d051f364aded6c90073" retries=1 faultCode="script.Error" faultMessage="Invalid parameter path"
isp_crm_genieacs_cwmp   | 2026-01-11T13:12:30.121Z [WARN] ::ffff:10.97.127.32 00259E-HG8546M-48575443F2D53A8B: Channel has faulted; channel="task_69639d054a2b646761fe0d1d" retries=1 faultCode="script.Error" faultMessage="Invalid parameter path"
isp_crm_genieacs_cwmp   | 2026-01-11T13:12:30.124Z [INFO] ::ffff:10.97.127.32 00259E-HG8546M-48575443F2D53A8B: ACS request; acsRequestId="19bad2fccdd0500" acsRequestName="SetParameterValues"
isp_crm_genieacs_cwmp   | 2026-01-11T13:12:30.190Z [WARN] ::ffff:10.97.127.32 00259E-HG8546M-48575443F2D53A8B: CPE fault; acsRequestId="19bad2fccdd0500" cpeFaultCode="9002" cpeFaultString="Internal error"
isp_crm_genieacs_cwmp   | 2026-01-11T13:12:30.191Z [WARN] ::ffff:10.97.127.32 00259E-HG8546M-48575443F2D53A8B: Channel has faulted; channel="task_69639d0567157147d3f63fa3" retries=1 faultCode="cwmp.9002" faultMessage="Internal error"
isp_crm_genieacs_cwmp   | 2026-01-11T13:12:30.194Z [INFO] ::ffff:10.97.127.32 00259E-HG8546M-48575443F2D53A8B: ACS request; acsRequestId="19bad2fccdd0600" acsRequestName="SetParameterValues"
isp_crm_genieacs_cwmp   | 2026-01-11T13:12:30.257Z [WARN] ::ffff:10.97.127.32 00259E-HG8546M-48575443F2D53A8B: CPE fault; acsRequestId="19bad2fccdd0600" cpeFaultCode="9002" cpeFaultString="Internal error"
isp_crm_genieacs_cwmp   | 2026-01-11T13:12:30.257Z [WARN] ::ffff:10.97.127.32 00259E-HG8546M-48575443F2D53A8B: Channel has faulted; channel="task_69639d056e5cf623352a1ff9" retries=1 faultCode="cwmp.9002" faultMessage="Internal error"
isp_crm_freeradius      |       sql_user_name = "%{%{Stripped-User-Name}:-%{%{User-Name}:-DEFAULT}}"
isp_crm_freeradius      |       default_user_profile = ""
isp_crm_freeradius      | server default { # from file /etc/freeradius/sites-enabled/default
isp_crm_freeradius      | } # server default
isp_crm_freeradius      | Listening on auth address * port 1812 bound to server default
isp_crm_freeradius      | Listening on acct address * port 1813 bound to server default
isp_crm_freeradius      | Listening on auth address :: port 1812 bound to server default
isp_crm_freeradius      | Listening on acct address :: port 1813 bound to server default
isp_crm_freeradius      | Listening on coa address * port 3799 bound to server default
root@superlitecrm:~/isp#
root@superlitecrm:~/isp# docker compose logs 2>&1 | grep -i "SetParameterValues\|fault" | tail -30
isp_crm_genieacs_cwmp   | 2026-01-11T13:12:30.047Z [WARN] ::ffff:10.97.127.32 00259E-HG8546M-48575443F2D53A8B: CPE fault; acsRequestId="19bad2fccdd0300" cpeFaultCode="9002" cpeFaultString="Internal error"
isp_crm_genieacs_cwmp   | 2026-01-11T13:12:30.047Z [WARN] ::ffff:10.97.127.32 00259E-HG8546M-48575443F2D53A8B: Channel has faulted; channel="task_69639cfa4aa222593316f79f" retries=1 faultCode="cwmp.9002" faultMessage="Internal error"
isp_crm_genieacs_cwmp   | 2026-01-11T13:12:30.048Z [WARN] ::ffff:10.97.127.32 00259E-HG8546M-48575443F2D53A8B: Channel has faulted; channel="task_69639cfa74718ae4d34cd4d2" retries=1 faultCode="script.Error" faultMessage="Invalid parameter path"
isp_crm_genieacs_cwmp   | 2026-01-11T13:12:30.049Z [WARN] ::ffff:10.97.127.32 00259E-HG8546M-48575443F2D53A8B: Channel has faulted; channel="task_69639cfa8c25a6b3544109ae" retries=1 faultCode="script.Error" faultMessage="Invalid parameter path"
isp_crm_genieacs_cwmp   | 2026-01-11T13:12:30.053Z [INFO] ::ffff:10.97.127.32 00259E-HG8546M-48575443F2D53A8B: ACS request; acsRequestId="19bad2fccdd0400" acsRequestName="SetParameterValues"
isp_crm_genieacs_cwmp   | 2026-01-11T13:12:30.119Z [WARN] ::ffff:10.97.127.32 00259E-HG8546M-48575443F2D53A8B: CPE fault; acsRequestId="19bad2fccdd0400" cpeFaultCode="9002" cpeFaultString="Internal error"
isp_crm_genieacs_cwmp   | 2026-01-11T13:12:30.119Z [WARN] ::ffff:10.97.127.32 00259E-HG8546M-48575443F2D53A8B: Channel has faulted; channel="task_69639cfb43cdc3f7c2028c0d" retries=1 faultCode="cwmp.9002" faultMessage="Internal error"
isp_crm_genieacs_cwmp   | 2026-01-11T13:12:30.120Z [WARN] ::ffff:10.97.127.32 00259E-HG8546M-48575443F2D53A8B: Channel has faulted; channel="task_69639d05074a2a9ee89ce2db" retries=1 faultCode="script.Error" faultMessage="Invalid parameter path"
isp_crm_genieacs_cwmp   | 2026-01-11T13:12:30.121Z [WARN] ::ffff:10.97.127.32 00259E-HG8546M-48575443F2D53A8B: Channel has faulted; channel="task_69639d051f364aded6c90073" retries=1 faultCode="script.Error" faultMessage="Invalid parameter path"
isp_crm_genieacs_cwmp   | 2026-01-11T13:12:30.121Z [WARN] ::ffff:10.97.127.32 00259E-HG8546M-48575443F2D53A8B: Channel has faulted; channel="task_69639d054a2b646761fe0d1d" retries=1 faultCode="script.Error" faultMessage="Invalid parameter path"
isp_crm_genieacs_cwmp   | 2026-01-11T13:12:30.124Z [INFO] ::ffff:10.97.127.32 00259E-HG8546M-48575443F2D53A8B: ACS request; acsRequestId="19bad2fccdd0500" acsRequestName="SetParameterValues"
isp_crm_genieacs_cwmp   | 2026-01-11T13:12:30.190Z [WARN] ::ffff:10.97.127.32 00259E-HG8546M-48575443F2D53A8B: CPE fault; acsRequestId="19bad2fccdd0500" cpeFaultCode="9002" cpeFaultString="Internal error"
isp_crm_genieacs_cwmp   | 2026-01-11T13:12:30.191Z [WARN] ::ffff:10.97.127.32 00259E-HG8546M-48575443F2D53A8B: Channel has faulted; channel="task_69639d0567157147d3f63fa3" retries=1 faultCode="cwmp.9002" faultMessage="Internal error"
isp_crm_genieacs_cwmp   | 2026-01-11T13:12:30.194Z [INFO] ::ffff:10.97.127.32 00259E-HG8546M-48575443F2D53A8B: ACS request; acsRequestId="19bad2fccdd0600" acsRequestName="SetParameterValues"
isp_crm_genieacs_cwmp   | 2026-01-11T13:12:30.257Z [WARN] ::ffff:10.97.127.32 00259E-HG8546M-48575443F2D53A8B: CPE fault; acsRequestId="19bad2fccdd0600" cpeFaultCode="9002" cpeFaultString="Internal error"
isp_crm_genieacs_cwmp   | 2026-01-11T13:12:30.257Z [WARN] ::ffff:10.97.127.32 00259E-HG8546M-48575443F2D53A8B: Channel has faulted; channel="task_69639d056e5cf623352a1ff9" retries=1 faultCode="cwmp.9002" faultMessage="Internal error"
isp_crm_freeradius      |       ignore_default = no
isp_crm_freeradius      |       ignore_default = no
isp_crm_freeradius      |       ignore_default = no
isp_crm_freeradius      |       ignore_default = no
isp_crm_freeradius      |       ignore_default = no
isp_crm_freeradius      |       sql_user_name = "%{%{Stripped-User-Name}:-%{%{User-Name}:-DEFAULT}}"
isp_crm_freeradius      |       default_user_profile = ""
isp_crm_freeradius      | server default { # from file /etc/freeradius/sites-enabled/default
isp_crm_freeradius      | } # server default
isp_crm_freeradius      | Listening on auth address * port 1812 bound to server default
isp_crm_freeradius      | Listening on acct address * port 1813 bound to server default
isp_crm_freeradius      | Listening on auth address :: port 1812 bound to server default
isp_crm_freeradius      | Listening on acct address :: port 1813 bound to server default
isp_crm_freeradius      | Listening on coa address * port 3799 bound to server default
root@superlitecrm:~/isp#
